******************************************************************************
                  TI ARM Linker PC v20.2.1                     
******************************************************************************
>> Linked Tue Dec 22 18:31:19 2020

OUTPUT FILE NAME:   <msp432-car.out>
ENTRY POINT SYMBOL: "_c_int00_noargs"  address: 000011c1


MEMORY CONFIGURATION

         name            origin    length      used     unused   attr    fill
----------------------  --------  ---------  --------  --------  ----  --------
  MAIN                  00000000   00040000  0000128c  0003ed74  R  X
  INFO                  00200000   00004000  00000000  00004000  R  X
  SRAM_CODE             01000000   00010000  00000221  0000fddf  RW X
  SRAM_DATA             20000000   00010000  00000221  0000fddf  RW  


SEGMENT ALLOCATION MAP

run origin  load origin   length   init length attrs members
----------  ----------- ---------- ----------- ----- -------
00000000    00000000    00001290   00001290    r-x
  00000000    00000000    000000e4   000000e4    r-- .intvecs
  000000e4    000000e4    00001150   00001150    r-x .text
  00001234    00001234    00000020   00000020    r-- .const
  00001258    00001258    00000038   00000038    r-- .cinit
20000000    20000000    00000021   00000000    rw-
  20000000    20000000    0000001c   00000000    rw- .data
  2000001c    2000001c    00000005   00000000    rw- .bss
2000fe00    2000fe00    00000200   00000000    rw-
  2000fe00    2000fe00    00000200   00000000    rw- .stack


SECTION ALLOCATION MAP

 output                                  attributes/
section   page    origin      length       input sections
--------  ----  ----------  ----------   ----------------
.intvecs   0    00000000    000000e4     
                  00000000    000000e4     startup_msp432p401r_ccs.obj (.intvecs:retain)

.text      0    000000e4    00001150     
                  000000e4    000003aa     main.obj (.text)
                  0000048e    00000002     --HOLE-- [fill = 0]
                  00000490    00000334     system_msp432p401r.obj (.text)
                  000007c4    00000228     PWM.obj (.text)
                  000009ec    000001e0     Clock.obj (.text)
                  00000bcc    00000174     Motor.obj (.text)
                  00000d40    00000168     Reflectance.obj (.text)
                  00000ea8    000000f4     LaunchPad.obj (.text)
                  00000f9c    000000dc     Bump.obj (.text)
                  00001078    0000009c     rtsv7M4_T_le_v4SPD16_eabi.lib : memcpy_t2.asm.obj (.text)
                  00001114    00000068                                   : copy_decompress_lzss.c.obj (.text:decompress:lzss:__TI_decompress_lzss)
                  0000117c    00000044                                   : autoinit.c.obj (.text:__TI_auto_init_nobinit_nopinit:__TI_auto_init_nobinit_nopinit)
                  000011c0    00000034                                   : boot_cortex_m.c.obj (.text:_c_int00_noargs:_c_int00_noargs)
                  000011f4    0000001c                                   : copy_zero_init.c.obj (.text:decompress:ZI:__TI_zero_init_nomemset:__TI_zero_init_nomemset)
                  00001210    0000000e                                   : copy_decompress_none.c.obj (.text:decompress:none:__TI_decompress_none)
                  0000121e    0000000e     startup_msp432p401r_ccs.obj (.text)
                  0000122c    00000004     rtsv7M4_T_le_v4SPD16_eabi.lib : pre_init.c.obj (.text:_system_pre_init)
                  00001230    00000004                                   : exit.c.obj (.text:abort:abort)

.const     0    00001234    00000020     
                  00001234    00000020     Reflectance.obj (.const:$P$T0$1)

.cinit     0    00001258    00000038     
                  00001258    0000000d     (.cinit..data.load) [load image, compression = lzss]
                  00001265    00000003     --HOLE-- [fill = 0]
                  00001268    0000000c     (__TI_handler_table)
                  00001274    00000004     --HOLE-- [fill = 0]
                  00001278    00000008     (.cinit..bss.load) [load image, compression = zero_init]
                  00001280    00000010     (__TI_cinit_table)

.init_array 
*          0    00000000    00000000     UNINITIALIZED

.binit     0    00000000    00000000     

.data      0    20000000    0000001c     UNINITIALIZED
                  20000000    00000018     Clock.obj (.data)
                  20000018    00000004     system_msp432p401r.obj (.data)

.bss       0    2000001c    00000005     UNINITIALIZED
                  2000001c    00000004     (.common:position)
                  20000020    00000001     (.common:Data)

.stack     0    2000fe00    00000200     UNINITIALIZED
                  2000fe00    00000004     rtsv7M4_T_le_v4SPD16_eabi.lib : boot_cortex_m.c.obj (.stack)
                  2000fe04    000001fc     --HOLE--

__llvm_prf_cnts 
*          0    20000000    00000000     UNINITIALIZED

MODULE SUMMARY

       Module                        code   ro data   rw data
       ------                        ----   -------   -------
    .\
       main.obj                      938    0         10     
       system_msp432p401r.obj        820    0         8      
       PWM.obj                       552    0         0      
       Clock.obj                     480    0         48     
       Reflectance.obj               360    32        0      
       Motor.obj                     372    0         0      
       LaunchPad.obj                 244    0         0      
       startup_msp432p401r_ccs.obj   14     228       0      
       Bump.obj                      220    0         0      
    +--+-----------------------------+------+---------+---------+
       Total:                        4000   260       66     
                                                             
    D:\ti\ccs1010\ccs\tools\compiler\ti-cgt-arm_20.2.1.LTS\lib\rtsv7M4_T_le_v4SPD16_eabi.lib
       memcpy_t2.asm.obj             156    0         0      
       copy_decompress_lzss.c.obj    104    0         0      
       autoinit.c.obj                68     0         0      
       boot_cortex_m.c.obj           52     0         0      
       copy_zero_init.c.obj          28     0         0      
       copy_decompress_none.c.obj    14     0         0      
       exit.c.obj                    4      0         0      
       pre_init.c.obj                4      0         0      
    +--+-----------------------------+------+---------+---------+
       Total:                        430    0         0      
                                                             
       Stack:                        0      0         1024   
       Linker Generated:             0      49        0      
    +--+-----------------------------+------+---------+---------+
       Grand Total:                  4430   309       1090   


LINKER GENERATED COPY TABLES

__TI_cinit_table @ 00001280 records: 2, size/record: 8, table size: 16
	.data: load addr=00001258, load size=0000000d bytes, run addr=20000000, run size=0000001c bytes, compression=lzss
	.bss: load addr=00001278, load size=00000008 bytes, run addr=2000001c, run size=00000005 bytes, compression=zero_init


LINKER GENERATED HANDLER TABLE

__TI_handler_table @ 00001268 records: 3, size/record: 4, table size: 12
	index: 0, handler: __TI_decompress_lzss
	index: 1, handler: __TI_decompress_none
	index: 2, handler: __TI_zero_init


GLOBAL SYMBOLS: SORTED ALPHABETICALLY BY Name 

address   name                          
-------   ----                          
0000122b  ADC14_IRQHandler              
0000122b  AES256_IRQHandler             
00000f9d  Bump_Init                     
00000fd1  Bump_Read                     
00001049  Bump_Read1                    
0000122b  BusFault_Handler              
00001231  C$$EXIT                       
0000122b  COMP_E0_IRQHandler            
0000122b  COMP_E1_IRQHandler            
20000008  CPMwait                       
0000122b  CS_IRQHandler                 
20000000  ClockFrequency                
00000b41  Clock_Delay1ms                
00000b17  Clock_Delay1us                
00000b03  Clock_GetFreq                 
000009ed  Clock_Init48MHz               
20000014  Crystalstable                 
0000122b  DMA_ERR_IRQHandler            
0000122b  DMA_INT0_IRQHandler           
0000122b  DMA_INT1_IRQHandler           
0000122b  DMA_INT2_IRQHandler           
0000122b  DMA_INT3_IRQHandler           
20000020  Data                          
0000122b  DebugMon_Handler              
0000122b  Default_Handler               
0000122b  EUSCIA0_IRQHandler            
0000122b  EUSCIA1_IRQHandler            
0000122b  EUSCIA2_IRQHandler            
0000122b  EUSCIA3_IRQHandler            
0000122b  EUSCIB0_IRQHandler            
0000122b  EUSCIB1_IRQHandler            
0000122b  EUSCIB2_IRQHandler            
0000122b  EUSCIB3_IRQHandler            
0000122b  FLCTL_IRQHandler              
0000122b  FPU_IRQHandler                
0000122b  HardFault_Handler             
20000010  IFlags                        
00000ea9  LaunchPad_Init                
00000f19  LaunchPad_Input               
00000f33  LaunchPad_LED                 
00000f51  LaunchPad_Output              
0000122b  MemManage_Handler             
00000ce3  Motor_Backward                
00000c3f  Motor_Forward                 
00000bcd  Motor_Init                    
00000ca9  Motor_Left                    
00000c6f  Motor_Right                   
00000c33  Motor_Stop                    
0000122b  NMI_Handler                   
0000122b  PCM_IRQHandler                
0000122b  PORT1_IRQHandler              
0000122b  PORT2_IRQHandler              
0000122b  PORT3_IRQHandler              
0000122b  PORT4_IRQHandler              
0000122b  PORT5_IRQHandler              
0000122b  PORT6_IRQHandler              
0000122b  PSS_IRQHandler                
000008af  PWM_Duty1                     
000008cf  PWM_Duty2                     
00000973  PWM_Duty3                     
00000993  PWM_Duty4                     
000007c5  PWM_Init1                     
0000082b  PWM_Init12                    
000008ef  PWM_Init34                    
0000122b  PendSV_Handler                
2000000c  Postwait                      
20000004  Prewait                       
0000122b  RTC_C_IRQHandler              
00000dcd  Reflectance_Center            
00000e7b  Reflectance_End               
00000d41  Reflectance_Init              
00000dd9  Reflectance_Position          
00000d7f  Reflectance_Read              
00000e79  Reflectance_Start             
0000121f  Reset_Handler                 
0000122b  SVC_Handler                   
0000122b  SysTick_Handler               
20000018  SystemCoreClock               
00000491  SystemCoreClockUpdate         
00000709  SystemInit                    
0000122b  T32_INT1_IRQHandler           
0000122b  T32_INT2_IRQHandler           
0000122b  T32_INTC_IRQHandler           
0000122b  TA0_0_IRQHandler              
0000122b  TA0_N_IRQHandler              
0000122b  TA1_0_IRQHandler              
0000122b  TA1_N_IRQHandler              
0000122b  TA2_0_IRQHandler              
0000122b  TA2_N_IRQHandler              
0000122b  TA3_0_IRQHandler              
0000122b  TA3_N_IRQHandler              
000000e5  TimedPause                    
0000122b  UsageFault_Handler            
4000480c  WDTCTL_SYM                    
0000122b  WDT_A_IRQHandler              
20010000  __STACK_END                   
00000200  __STACK_SIZE                  
00001280  __TI_CINIT_Base               
00001290  __TI_CINIT_Limit              
00001268  __TI_Handler_Table_Base       
00001274  __TI_Handler_Table_Limit      
0000117d  __TI_auto_init_nobinit_nopinit
00001115  __TI_decompress_lzss          
00001211  __TI_decompress_none          
ffffffff  __TI_pprof_out_hndl           
ffffffff  __TI_prof_data_size           
ffffffff  __TI_prof_data_start          
00000000  __TI_static_base__            
000011f5  __TI_zero_init_nomemset       
00001079  __aeabi_memcpy                
00001079  __aeabi_memcpy4               
00001079  __aeabi_memcpy8               
ffffffff  __binit__                     
ffffffff  __c_args__                    
UNDEFED   __mpu_init                    
2000fe00  __stack                       
20000000  __start___llvm_prf_cnts       
20000000  __stop___llvm_prf_cnts        
000011c1  _c_int00_noargs               
UNDEFED   _system_post_cinit            
0000122d  _system_pre_init              
00001231  abort                         
ffffffff  binit                         
00000353  bumprun                       
00000405  bumprun1                      
00000b09  delay                         
00000327  endstop                       
00000000  interruptVectors              
0000044b  main                          
00001079  memcpy                        
2000001c  position                      
000000f5  reflactance                   


GLOBAL SYMBOLS: SORTED BY Symbol Address 

address   name                          
-------   ----                          
00000000  __TI_static_base__            
00000000  interruptVectors              
000000e5  TimedPause                    
000000f5  reflactance                   
00000200  __STACK_SIZE                  
00000327  endstop                       
00000353  bumprun                       
00000405  bumprun1                      
0000044b  main                          
00000491  SystemCoreClockUpdate         
00000709  SystemInit                    
000007c5  PWM_Init1                     
0000082b  PWM_Init12                    
000008af  PWM_Duty1                     
000008cf  PWM_Duty2                     
000008ef  PWM_Init34                    
00000973  PWM_Duty3                     
00000993  PWM_Duty4                     
000009ed  Clock_Init48MHz               
00000b03  Clock_GetFreq                 
00000b09  delay                         
00000b17  Clock_Delay1us                
00000b41  Clock_Delay1ms                
00000bcd  Motor_Init                    
00000c33  Motor_Stop                    
00000c3f  Motor_Forward                 
00000c6f  Motor_Right                   
00000ca9  Motor_Left                    
00000ce3  Motor_Backward                
00000d41  Reflectance_Init              
00000d7f  Reflectance_Read              
00000dcd  Reflectance_Center            
00000dd9  Reflectance_Position          
00000e79  Reflectance_Start             
00000e7b  Reflectance_End               
00000ea9  LaunchPad_Init                
00000f19  LaunchPad_Input               
00000f33  LaunchPad_LED                 
00000f51  LaunchPad_Output              
00000f9d  Bump_Init                     
00000fd1  Bump_Read                     
00001049  Bump_Read1                    
00001079  __aeabi_memcpy                
00001079  __aeabi_memcpy4               
00001079  __aeabi_memcpy8               
00001079  memcpy                        
00001115  __TI_decompress_lzss          
0000117d  __TI_auto_init_nobinit_nopinit
000011c1  _c_int00_noargs               
000011f5  __TI_zero_init_nomemset       
00001211  __TI_decompress_none          
0000121f  Reset_Handler                 
0000122b  ADC14_IRQHandler              
0000122b  AES256_IRQHandler             
0000122b  BusFault_Handler              
0000122b  COMP_E0_IRQHandler            
0000122b  COMP_E1_IRQHandler            
0000122b  CS_IRQHandler                 
0000122b  DMA_ERR_IRQHandler            
0000122b  DMA_INT0_IRQHandler           
0000122b  DMA_INT1_IRQHandler           
0000122b  DMA_INT2_IRQHandler           
0000122b  DMA_INT3_IRQHandler           
0000122b  DebugMon_Handler              
0000122b  Default_Handler               
0000122b  EUSCIA0_IRQHandler            
0000122b  EUSCIA1_IRQHandler            
0000122b  EUSCIA2_IRQHandler            
0000122b  EUSCIA3_IRQHandler            
0000122b  EUSCIB0_IRQHandler            
0000122b  EUSCIB1_IRQHandler            
0000122b  EUSCIB2_IRQHandler            
0000122b  EUSCIB3_IRQHandler            
0000122b  FLCTL_IRQHandler              
0000122b  FPU_IRQHandler                
0000122b  HardFault_Handler             
0000122b  MemManage_Handler             
0000122b  NMI_Handler                   
0000122b  PCM_IRQHandler                
0000122b  PORT1_IRQHandler              
0000122b  PORT2_IRQHandler              
0000122b  PORT3_IRQHandler              
0000122b  PORT4_IRQHandler              
0000122b  PORT5_IRQHandler              
0000122b  PORT6_IRQHandler              
0000122b  PSS_IRQHandler                
0000122b  PendSV_Handler                
0000122b  RTC_C_IRQHandler              
0000122b  SVC_Handler                   
0000122b  SysTick_Handler               
0000122b  T32_INT1_IRQHandler           
0000122b  T32_INT2_IRQHandler           
0000122b  T32_INTC_IRQHandler           
0000122b  TA0_0_IRQHandler              
0000122b  TA0_N_IRQHandler              
0000122b  TA1_0_IRQHandler              
0000122b  TA1_N_IRQHandler              
0000122b  TA2_0_IRQHandler              
0000122b  TA2_N_IRQHandler              
0000122b  TA3_0_IRQHandler              
0000122b  TA3_N_IRQHandler              
0000122b  UsageFault_Handler            
0000122b  WDT_A_IRQHandler              
0000122d  _system_pre_init              
00001231  C$$EXIT                       
00001231  abort                         
00001268  __TI_Handler_Table_Base       
00001274  __TI_Handler_Table_Limit      
00001280  __TI_CINIT_Base               
00001290  __TI_CINIT_Limit              
20000000  ClockFrequency                
20000000  __start___llvm_prf_cnts       
20000000  __stop___llvm_prf_cnts        
20000004  Prewait                       
20000008  CPMwait                       
2000000c  Postwait                      
20000010  IFlags                        
20000014  Crystalstable                 
20000018  SystemCoreClock               
2000001c  position                      
20000020  Data                          
2000fe00  __stack                       
20010000  __STACK_END                   
4000480c  WDTCTL_SYM                    
ffffffff  __TI_pprof_out_hndl           
ffffffff  __TI_prof_data_size           
ffffffff  __TI_prof_data_start          
ffffffff  __binit__                     
ffffffff  __c_args__                    
ffffffff  binit                         
UNDEFED   __mpu_init                    
UNDEFED   _system_post_cinit            

[132 symbols]
