******************************************************************************
                  TI ARM Linker PC v20.2.1                     
******************************************************************************
>> Linked Tue Dec 22 18:07:40 2020

OUTPUT FILE NAME:   <msp432-car.out>
ENTRY POINT SYMBOL: "_c_int00_noargs"  address: 0000116d


MEMORY CONFIGURATION

         name            origin    length      used     unused   attr    fill
----------------------  --------  ---------  --------  --------  ----  --------
  MAIN                  00000000   00040000  00001238  0003edc8  R  X
  INFO                  00200000   00004000  00000000  00004000  R  X
  SRAM_CODE             01000000   00010000  00000221  0000fddf  RW X
  SRAM_DATA             20000000   00010000  00000221  0000fddf  RW  


SEGMENT ALLOCATION MAP

run origin  load origin   length   init length attrs members
----------  ----------- ---------- ----------- ----- -------
00000000    00000000    00001238   00001238    r-x
  00000000    00000000    000000e4   000000e4    r-- .intvecs
  000000e4    000000e4    000010fc   000010fc    r-x .text
  000011e0    000011e0    00000020   00000020    r-- .const
  00001200    00001200    00000038   00000038    r-- .cinit
20000000    20000000    00000021   00000000    rw-
  20000000    20000000    0000001c   00000000    rw- .data
  2000001c    2000001c    00000005   00000000    rw- .bss
2000fe00    2000fe00    00000200   00000000    rw-
  2000fe00    2000fe00    00000200   00000000    rw- .stack


SECTION ALLOCATION MAP

 output                                  attributes/
section   page    origin      length       input sections
--------  ----  ----------  ----------   ----------------
.intvecs   0    00000000    000000e4     
                  00000000    000000e4     startup_msp432p401r_ccs.obj (.intvecs:retain)

.text      0    000000e4    000010fc     
                  000000e4    00000358     main.obj (.text)
                  0000043c    00000334     system_msp432p401r.obj (.text)
                  00000770    00000228     PWM.obj (.text)
                  00000998    000001e0     Clock.obj (.text)
                  00000b78    00000174     Motor.obj (.text)
                  00000cec    00000168     Reflectance.obj (.text)
                  00000e54    000000f4     LaunchPad.obj (.text)
                  00000f48    000000dc     Bump.obj (.text)
                  00001024    0000009c     rtsv7M4_T_le_v4SPD16_eabi.lib : memcpy_t2.asm.obj (.text)
                  000010c0    00000068                                   : copy_decompress_lzss.c.obj (.text:decompress:lzss:__TI_decompress_lzss)
                  00001128    00000044                                   : autoinit.c.obj (.text:__TI_auto_init_nobinit_nopinit:__TI_auto_init_nobinit_nopinit)
                  0000116c    00000034                                   : boot_cortex_m.c.obj (.text:_c_int00_noargs:_c_int00_noargs)
                  000011a0    0000001c                                   : copy_zero_init.c.obj (.text:decompress:ZI:__TI_zero_init_nomemset:__TI_zero_init_nomemset)
                  000011bc    0000000e                                   : copy_decompress_none.c.obj (.text:decompress:none:__TI_decompress_none)
                  000011ca    0000000e     startup_msp432p401r_ccs.obj (.text)
                  000011d8    00000004     rtsv7M4_T_le_v4SPD16_eabi.lib : pre_init.c.obj (.text:_system_pre_init)
                  000011dc    00000004                                   : exit.c.obj (.text:abort:abort)

.const     0    000011e0    00000020     
                  000011e0    00000020     Reflectance.obj (.const:$P$T0$1)

.cinit     0    00001200    00000038     
                  00001200    0000000d     (.cinit..data.load) [load image, compression = lzss]
                  0000120d    00000003     --HOLE-- [fill = 0]
                  00001210    0000000c     (__TI_handler_table)
                  0000121c    00000004     --HOLE-- [fill = 0]
                  00001220    00000008     (.cinit..bss.load) [load image, compression = zero_init]
                  00001228    00000010     (__TI_cinit_table)

.init_array 
*          0    00000000    00000000     UNINITIALIZED

.binit     0    00000000    00000000     

.data      0    20000000    0000001c     UNINITIALIZED
                  20000000    00000018     Clock.obj (.data)
                  20000018    00000004     system_msp432p401r.obj (.data)

.bss       0    2000001c    00000005     UNINITIALIZED
                  2000001c    00000004     (.common:position)
                  20000020    00000001     (.common:Data)

.stack     0    2000fe00    00000200     UNINITIALIZED
                  2000fe00    00000004     rtsv7M4_T_le_v4SPD16_eabi.lib : boot_cortex_m.c.obj (.stack)
                  2000fe04    000001fc     --HOLE--

__llvm_prf_cnts 
*          0    20000000    00000000     UNINITIALIZED

MODULE SUMMARY

       Module                        code   ro data   rw data
       ------                        ----   -------   -------
    .\
       main.obj                      856    0         10     
       system_msp432p401r.obj        820    0         8      
       PWM.obj                       552    0         0      
       Clock.obj                     480    0         48     
       Reflectance.obj               360    32        0      
       Motor.obj                     372    0         0      
       LaunchPad.obj                 244    0         0      
       startup_msp432p401r_ccs.obj   14     228       0      
       Bump.obj                      220    0         0      
    +--+-----------------------------+------+---------+---------+
       Total:                        3918   260       66     
                                                             
    D:\ti\ccs1010\ccs\tools\compiler\ti-cgt-arm_20.2.1.LTS\lib\rtsv7M4_T_le_v4SPD16_eabi.lib
       memcpy_t2.asm.obj             156    0         0      
       copy_decompress_lzss.c.obj    104    0         0      
       autoinit.c.obj                68     0         0      
       boot_cortex_m.c.obj           52     0         0      
       copy_zero_init.c.obj          28     0         0      
       copy_decompress_none.c.obj    14     0         0      
       exit.c.obj                    4      0         0      
       pre_init.c.obj                4      0         0      
    +--+-----------------------------+------+---------+---------+
       Total:                        430    0         0      
                                                             
       Stack:                        0      0         1024   
       Linker Generated:             0      49        0      
    +--+-----------------------------+------+---------+---------+
       Grand Total:                  4348   309       1090   


LINKER GENERATED COPY TABLES

__TI_cinit_table @ 00001228 records: 2, size/record: 8, table size: 16
	.data: load addr=00001200, load size=0000000d bytes, run addr=20000000, run size=0000001c bytes, compression=lzss
	.bss: load addr=00001220, load size=00000008 bytes, run addr=2000001c, run size=00000005 bytes, compression=zero_init


LINKER GENERATED HANDLER TABLE

__TI_handler_table @ 00001210 records: 3, size/record: 4, table size: 12
	index: 0, handler: __TI_decompress_lzss
	index: 1, handler: __TI_decompress_none
	index: 2, handler: __TI_zero_init


GLOBAL SYMBOLS: SORTED ALPHABETICALLY BY Name 

address   name                          
-------   ----                          
000011d7  ADC14_IRQHandler              
000011d7  AES256_IRQHandler             
00000f49  Bump_Init                     
00000f7d  Bump_Read                     
00000ff5  Bump_Read1                    
000011d7  BusFault_Handler              
000011dd  C$$EXIT                       
000011d7  COMP_E0_IRQHandler            
000011d7  COMP_E1_IRQHandler            
20000008  CPMwait                       
000011d7  CS_IRQHandler                 
20000000  ClockFrequency                
00000aed  Clock_Delay1ms                
00000ac3  Clock_Delay1us                
00000aaf  Clock_GetFreq                 
00000999  Clock_Init48MHz               
20000014  Crystalstable                 
000011d7  DMA_ERR_IRQHandler            
000011d7  DMA_INT0_IRQHandler           
000011d7  DMA_INT1_IRQHandler           
000011d7  DMA_INT2_IRQHandler           
000011d7  DMA_INT3_IRQHandler           
20000020  Data                          
000011d7  DebugMon_Handler              
000011d7  Default_Handler               
000011d7  EUSCIA0_IRQHandler            
000011d7  EUSCIA1_IRQHandler            
000011d7  EUSCIA2_IRQHandler            
000011d7  EUSCIA3_IRQHandler            
000011d7  EUSCIB0_IRQHandler            
000011d7  EUSCIB1_IRQHandler            
000011d7  EUSCIB2_IRQHandler            
000011d7  EUSCIB3_IRQHandler            
000011d7  FLCTL_IRQHandler              
000011d7  FPU_IRQHandler                
000011d7  HardFault_Handler             
20000010  IFlags                        
00000e55  LaunchPad_Init                
00000ec5  LaunchPad_Input               
00000edf  LaunchPad_LED                 
00000efd  LaunchPad_Output              
000011d7  MemManage_Handler             
00000c8f  Motor_Backward                
00000beb  Motor_Forward                 
00000b79  Motor_Init                    
00000c55  Motor_Left                    
00000c1b  Motor_Right                   
00000bdf  Motor_Stop                    
000011d7  NMI_Handler                   
000011d7  PCM_IRQHandler                
000011d7  PORT1_IRQHandler              
000011d7  PORT2_IRQHandler              
000011d7  PORT3_IRQHandler              
000011d7  PORT4_IRQHandler              
000011d7  PORT5_IRQHandler              
000011d7  PORT6_IRQHandler              
000011d7  PSS_IRQHandler                
0000085b  PWM_Duty1                     
0000087b  PWM_Duty2                     
0000091f  PWM_Duty3                     
0000093f  PWM_Duty4                     
00000771  PWM_Init1                     
000007d7  PWM_Init12                    
0000089b  PWM_Init34                    
000011d7  PendSV_Handler                
2000000c  Postwait                      
20000004  Prewait                       
000011d7  RTC_C_IRQHandler              
00000d79  Reflectance_Center            
00000e27  Reflectance_End               
00000ced  Reflectance_Init              
00000d85  Reflectance_Position          
00000d2b  Reflectance_Read              
00000e25  Reflectance_Start             
000011cb  Reset_Handler                 
000011d7  SVC_Handler                   
000011d7  SysTick_Handler               
20000018  SystemCoreClock               
0000043d  SystemCoreClockUpdate         
000006b5  SystemInit                    
000011d7  T32_INT1_IRQHandler           
000011d7  T32_INT2_IRQHandler           
000011d7  T32_INTC_IRQHandler           
000011d7  TA0_0_IRQHandler              
000011d7  TA0_N_IRQHandler              
000011d7  TA1_0_IRQHandler              
000011d7  TA1_N_IRQHandler              
000011d7  TA2_0_IRQHandler              
000011d7  TA2_N_IRQHandler              
000011d7  TA3_0_IRQHandler              
000011d7  TA3_N_IRQHandler              
000000e5  TimedPause                    
000011d7  UsageFault_Handler            
4000480c  WDTCTL_SYM                    
000011d7  WDT_A_IRQHandler              
20010000  __STACK_END                   
00000200  __STACK_SIZE                  
00001228  __TI_CINIT_Base               
00001238  __TI_CINIT_Limit              
00001210  __TI_Handler_Table_Base       
0000121c  __TI_Handler_Table_Limit      
00001129  __TI_auto_init_nobinit_nopinit
000010c1  __TI_decompress_lzss          
000011bd  __TI_decompress_none          
ffffffff  __TI_pprof_out_hndl           
ffffffff  __TI_prof_data_size           
ffffffff  __TI_prof_data_start          
00000000  __TI_static_base__            
000011a1  __TI_zero_init_nomemset       
00001025  __aeabi_memcpy                
00001025  __aeabi_memcpy4               
00001025  __aeabi_memcpy8               
ffffffff  __binit__                     
ffffffff  __c_args__                    
UNDEFED   __mpu_init                    
2000fe00  __stack                       
20000000  __start___llvm_prf_cnts       
20000000  __stop___llvm_prf_cnts        
0000116d  _c_int00_noargs               
UNDEFED   _system_post_cinit            
000011d9  _system_pre_init              
000011dd  abort                         
ffffffff  binit                         
000002ff  bumprun                       
000003a9  bumprun1                      
00000ab5  delay                         
000002d3  endstop                       
00000000  interruptVectors              
000003f9  main                          
00001025  memcpy                        
2000001c  position                      
000000f5  reflactance                   


GLOBAL SYMBOLS: SORTED BY Symbol Address 

address   name                          
-------   ----                          
00000000  __TI_static_base__            
00000000  interruptVectors              
000000e5  TimedPause                    
000000f5  reflactance                   
00000200  __STACK_SIZE                  
000002d3  endstop                       
000002ff  bumprun                       
000003a9  bumprun1                      
000003f9  main                          
0000043d  SystemCoreClockUpdate         
000006b5  SystemInit                    
00000771  PWM_Init1                     
000007d7  PWM_Init12                    
0000085b  PWM_Duty1                     
0000087b  PWM_Duty2                     
0000089b  PWM_Init34                    
0000091f  PWM_Duty3                     
0000093f  PWM_Duty4                     
00000999  Clock_Init48MHz               
00000aaf  Clock_GetFreq                 
00000ab5  delay                         
00000ac3  Clock_Delay1us                
00000aed  Clock_Delay1ms                
00000b79  Motor_Init                    
00000bdf  Motor_Stop                    
00000beb  Motor_Forward                 
00000c1b  Motor_Right                   
00000c55  Motor_Left                    
00000c8f  Motor_Backward                
00000ced  Reflectance_Init              
00000d2b  Reflectance_Read              
00000d79  Reflectance_Center            
00000d85  Reflectance_Position          
00000e25  Reflectance_Start             
00000e27  Reflectance_End               
00000e55  LaunchPad_Init                
00000ec5  LaunchPad_Input               
00000edf  LaunchPad_LED                 
00000efd  LaunchPad_Output              
00000f49  Bump_Init                     
00000f7d  Bump_Read                     
00000ff5  Bump_Read1                    
00001025  __aeabi_memcpy                
00001025  __aeabi_memcpy4               
00001025  __aeabi_memcpy8               
00001025  memcpy                        
000010c1  __TI_decompress_lzss          
00001129  __TI_auto_init_nobinit_nopinit
0000116d  _c_int00_noargs               
000011a1  __TI_zero_init_nomemset       
000011bd  __TI_decompress_none          
000011cb  Reset_Handler                 
000011d7  ADC14_IRQHandler              
000011d7  AES256_IRQHandler             
000011d7  BusFault_Handler              
000011d7  COMP_E0_IRQHandler            
000011d7  COMP_E1_IRQHandler            
000011d7  CS_IRQHandler                 
000011d7  DMA_ERR_IRQHandler            
000011d7  DMA_INT0_IRQHandler           
000011d7  DMA_INT1_IRQHandler           
000011d7  DMA_INT2_IRQHandler           
000011d7  DMA_INT3_IRQHandler           
000011d7  DebugMon_Handler              
000011d7  Default_Handler               
000011d7  EUSCIA0_IRQHandler            
000011d7  EUSCIA1_IRQHandler            
000011d7  EUSCIA2_IRQHandler            
000011d7  EUSCIA3_IRQHandler            
000011d7  EUSCIB0_IRQHandler            
000011d7  EUSCIB1_IRQHandler            
000011d7  EUSCIB2_IRQHandler            
000011d7  EUSCIB3_IRQHandler            
000011d7  FLCTL_IRQHandler              
000011d7  FPU_IRQHandler                
000011d7  HardFault_Handler             
000011d7  MemManage_Handler             
000011d7  NMI_Handler                   
000011d7  PCM_IRQHandler                
000011d7  PORT1_IRQHandler              
000011d7  PORT2_IRQHandler              
000011d7  PORT3_IRQHandler              
000011d7  PORT4_IRQHandler              
000011d7  PORT5_IRQHandler              
000011d7  PORT6_IRQHandler              
000011d7  PSS_IRQHandler                
000011d7  PendSV_Handler                
000011d7  RTC_C_IRQHandler              
000011d7  SVC_Handler                   
000011d7  SysTick_Handler               
000011d7  T32_INT1_IRQHandler           
000011d7  T32_INT2_IRQHandler           
000011d7  T32_INTC_IRQHandler           
000011d7  TA0_0_IRQHandler              
000011d7  TA0_N_IRQHandler              
000011d7  TA1_0_IRQHandler              
000011d7  TA1_N_IRQHandler              
000011d7  TA2_0_IRQHandler              
000011d7  TA2_N_IRQHandler              
000011d7  TA3_0_IRQHandler              
000011d7  TA3_N_IRQHandler              
000011d7  UsageFault_Handler            
000011d7  WDT_A_IRQHandler              
000011d9  _system_pre_init              
000011dd  C$$EXIT                       
000011dd  abort                         
00001210  __TI_Handler_Table_Base       
0000121c  __TI_Handler_Table_Limit      
00001228  __TI_CINIT_Base               
00001238  __TI_CINIT_Limit              
20000000  ClockFrequency                
20000000  __start___llvm_prf_cnts       
20000000  __stop___llvm_prf_cnts        
20000004  Prewait                       
20000008  CPMwait                       
2000000c  Postwait                      
20000010  IFlags                        
20000014  Crystalstable                 
20000018  SystemCoreClock               
2000001c  position                      
20000020  Data                          
2000fe00  __stack                       
20010000  __STACK_END                   
4000480c  WDTCTL_SYM                    
ffffffff  __TI_pprof_out_hndl           
ffffffff  __TI_prof_data_size           
ffffffff  __TI_prof_data_start          
ffffffff  __binit__                     
ffffffff  __c_args__                    
ffffffff  binit                         
UNDEFED   __mpu_init                    
UNDEFED   _system_post_cinit            

[132 symbols]
